// Jest Snapshot v1, https://goo.gl/fbAQLP

exports[`Welcome should render FirstScreen component only 1`] = `
<div>
  <FirstScreen
    openMenu={[Function]}
  />
</div>
`;
