// Jest Snapshot v1, https://goo.gl/fbAQLP

exports[`MainMenu component should render logo and menu button 1`] = `
<div
  className="wrapper"
  style={
    Object {
      "opacity": 0,
    }
  }
>
  <div
    className="container"
  >
    <div
      className="row"
    >
      <div
        className="col-12 row"
      >
        <div
          className="gold"
        >
          LOGO
        </div>
        <div
          className="close-button"
        >
          <FaTimes
            onClick={[Function]}
          />
        </div>
      </div>
      <div
        className="col-12 row"
      >
        <div>
          <ul>
            <li>
              Main
            </li>
            <li>
              Albums
            </li>
            <li>
              About
            </li>
          </ul>
        </div>
        <div
          className="albums"
        >
          <p
            key="1"
          >
            1
          </p>
          <p
            key="2"
          >
            2
          </p>
          <p
            key="3"
          >
            3
          </p>
        </div>
      </div>
      <div
        className="col-12 row"
      >
        <hr />
      </div>
      <div
        className="col-12 row"
      >
        <div>
          <p>
            Address
          </p>
        </div>
        <div>
          <FaInstagram />
          <FaVk />
        </div>
      </div>
    </div>
  </div>
</div>
`;
