// Jest Snapshot v1, https://goo.gl/fbAQLP

exports[`MainMenu component should render slider without props 1`] = `
<div
  className="wrapper"
>
  <div
    className="slide"
  />
</div>
`;
